ERROR: Set DISCORD_BOT_TOKEN environment variable.
[2026-05-05 09:14:33] [INFO    ] discord.client: logging in using static token
[2026-05-05 09:14:34] [INFO    ] discord.gateway: Shard ID None has connected to Gateway (Session ID: fb614b82d5868d58de4aba6f0fdba08f).
Logged in as Hermes#4198 (ID: 1498002563537174608)
Watching for '>' commands...
[2026-05-05 12:16:06] [INFO    ] discord.client: logging in using static token
[2026-05-05 12:16:07] [INFO    ] discord.gateway: Shard ID None has connected to Gateway (Session ID: 5ec509de7b5290e5926eb2bfaac104ac).
Logged in as Hermes#4198 (ID: 1498002563537174608)
Watching for '>' commands...
[2026-05-05 12:26:34] [INFO    ] discord.client: logging in using static token
[2026-05-05 12:26:35] [INFO    ] discord.gateway: Shard ID None has connected to Gateway (Session ID: e1eb07f57d4697ebc6945293bc5f6a7b).
Logged in as Hermes#4198 (ID: 1498002563537174608)
Watching for '>' commands...
[2026-05-05 12:28:13] [INFO    ] discord.client: logging in using static token
[2026-05-05 12:28:14] [INFO    ] discord.gateway: Shard ID None has connected to Gateway (Session ID: 34853ba06906592695a59ec37614c809).
Logged in as Hermes#4198 (ID: 1498002563537174608)
Watching for '>' commands...
[2026-05-05 12:52:22] [INFO    ] discord.client: logging in using static token
[2026-05-05 12:52:23] [INFO    ] discord.gateway: Shard ID None has connected to Gateway (Session ID: 1c4fdf5db25fb6fdaf90d5b65c8c41c0).
Logged in as Hermes#4198 (ID: 1498002563537174608)
Watching for '>' commands...
[2026-05-05 14:18:19] [INFO    ] discord.gateway: Shard ID None has successfully RESUMED session 1c4fdf5db25fb6fdaf90d5b65c8c41c0.
[2026-05-05 14:50:43] [INFO    ] discord.client: logging in using static token
[2026-05-05 14:50:44] [INFO    ] discord.gateway: Shard ID None has connected to Gateway (Session ID: bdb922e99e65ca00c847e3bd6dd96661).
Logged in as Hermes#4198 (ID: 1498002563537174608)
Watching for '>' commands...
[2026-05-05 14:53:08] [INFO    ] discord.client: logging in using static token
[2026-05-05 14:53:09] [INFO    ] discord.gateway: Shard ID None has connected to Gateway (Session ID: d6f583f3a8bbf3b6bb364007782e0d6a).
Logged in as Hermes#4198 (ID: 1498002563537174608)
Watching for '>' commands...
[2026-05-05 16:47:58] [INFO    ] discord.gateway: Shard ID None has successfully RESUMED session d6f583f3a8bbf3b6bb364007782e0d6a.
[2026-05-05 19:24:41] [INFO    ] discord.client: logging in using static token
[2026-05-05 19:24:42] [INFO    ] discord.gateway: Shard ID None has connected to Gateway (Session ID: fc0422e63bc1539035743825e92090db).
Logged in as Hermes#4198 (ID: 1498002563537174608)
Watching for '>' commands...
[2026-05-05 19:32:31] [INFO    ] discord.client: logging in using static token
[2026-05-05 19:32:32] [INFO    ] discord.gateway: Shard ID None has connected to Gateway (Session ID: b0f7dd18771853a5b1c77d9836188048).
Logged in as Hermes#4198 (ID: 1498002563537174608)
Watching for '>' commands...
[2026-05-05 19:36:31] [INFO    ] discord.client: logging in using static token
[2026-05-05 19:36:32] [INFO    ] discord.gateway: Shard ID None has connected to Gateway (Session ID: bb1eaac6c3d1cd25290fb12f1cd16d2e).
Logged in as Hermes#4198 (ID: 1498002563537174608)
Watching for '>' commands...
[2026-05-05 19:38:46] [INFO    ] discord.client: logging in using static token
[2026-05-05 19:38:50] [INFO    ] discord.gateway: Shard ID None has connected to Gateway (Session ID: a98965cb854f72c24db797d253a74f32).
Logged in as Hermes#4198 (ID: 1498002563537174608)
Watching for '>' commands...
[2026-05-05 21:24:18] [INFO    ] discord.gateway: Shard ID None has successfully RESUMED session a98965cb854f72c24db797d253a74f32.
[2026-05-05 22:33:02] [INFO    ] discord.gateway: Shard ID None has successfully RESUMED session a98965cb854f72c24db797d253a74f32.
[2026-05-06 02:21:07] [INFO    ] discord.gateway: Shard ID None has successfully RESUMED session a98965cb854f72c24db797d253a74f32.
[2026-05-06 04:02:40] [INFO    ] discord.gateway: Shard ID None has successfully RESUMED session a98965cb854f72c24db797d253a74f32.
[2026-05-06 04:45:40] [INFO    ] discord.gateway: Shard ID None has successfully RESUMED session a98965cb854f72c24db797d253a74f32.
[2026-05-06 04:46:27] [ERROR   ] discord.client: Ignoring exception in on_message
Traceback (most recent call last):
  File "/home/aaron/.hermes/hermes-agent/venv/lib/python3.11/site-packages/discord/client.py", line 508, in _run_event
    await coro(*args, **kwargs)
  File "/home/aaron/hermes-zmux-bot/zmux_bot.py", line 589, in on_message
    await message.channel.send(f"```\nRemoved from map: {', '.join(deleted)}\n```")
  File "/home/aaron/.hermes/hermes-agent/venv/lib/python3.11/site-packages/discord/abc.py", line 1706, in send
    data = await state.http.send_message(channel.id, params=params)
           ^^^^^^^^^^^^^^^^^^^^^^^^^^^^^^^^^^^^^^^^^^^^^^^^^^^^^^^^
  File "/home/aaron/.hermes/hermes-agent/venv/lib/python3.11/site-packages/discord/http.py", line 776, in request
    raise DiscordServerError(response, data)
discord.errors.DiscordServerError: 503 Service Unavailable (error code: 0): upstream connect error or disconnect/reset before headers. reset reason: connection termination
[2026-09-24 13:10:40] [INFO    ] discord.client: logging in using static token
[2026-09-24 13:10:42] [INFO    ] discord.gateway: Shard ID None has connected to Gateway (Session ID: c3ceb19c55cdc865f6af8fe68e1117dc).
Logged in as Hermes#4198 (ID: 1498002563537174608)
Watching for '>' commands...
